// Jest Snapshot v1, https://goo.gl/fbAQLP

exports[`Link changes the class when hovered 1`] = `
<link
  page="http://www.facebook.com"
>
  Facebook
</link>
`;
